<RestaurantsMapScene.MapViewController>, state: appearing, view: <UIView>