<RestaurantsDetailsScene.DetailsViewController>, state: appearing, view: <UITableView>